Warning: You are sending unauthenticated requests to the HF Hub. Please set a HF_TOKEN to enable higher rate limits and faster downloads.
======================================================================
M1 — WMT14 De-En Generalization Check
======================================================================
Loading weights:   0%|          | 0/51 [00:00<?, ?it/s]Loading weights: 100%|██████████| 51/51 [00:00<00:00, 4051.09it/s]
`trust_remote_code` is not supported anymore.
Please check that the Hugging Face dataset 'wmt/wmt14' isn't based on a loading script and remove `trust_remote_code`.
If the dataset is based on a loading script, please ask the dataset author to remove it and convert it to a standard format like Parquet.
/Users/adabalatrishal/7semminor/ELF/.venv/lib/python3.14/site-packages/torch/utils/data/dataloader.py:759: UserWarning: 'pin_memory' argument is set as true but not supported on MPS now, device pinned memory won't be used.
  super().__init__(loader)
  Loading Dataset...
  Loading ELF-B-de-en (max_length=128)...
  Batch 1/20...
  Batch 2/20...
  Batch 3/20...
  Batch 4/20...
  Batch 5/20...
  Batch 6/20...
  Batch 7/20...
  Batch 8/20...
  Batch 9/20...
  Batch 10/20...
  Batch 11/20...
  Batch 12/20...
  Batch 13/20...
  Batch 14/20...
  Batch 15/20...
  Batch 16/20...
  Batch 17/20...
  Batch 18/20...
  Batch 19/20...
  Batch 20/20...

======================================================================
  ODE BLEU: 22.1 95% CI [20.0, 24.9]
  SDE BLEU: 22.8
  SDE-ODE BLEU diff: 0.72 95% CI [-0.13, 1.63]
  ODE Degeneracy: 0.0%
  SDE Degeneracy: 0.0%
  Curvature vs BLEU diff: 0.013
======================================================================
