
############################################################
PILOT FOR W=4
############################################################

==================================================
Condition: W4_global_time_only_s42
==================================================
Already evaluated W4_global_time_only_s42, skipping.

==================================================
Condition: W4_continuous_s42
==================================================
Already evaluated W4_continuous_s42, skipping.

==================================================
Condition: W4_lowrank_K4_s42
==================================================
Already evaluated W4_lowrank_K4_s42, skipping.

############################################################
PILOT FOR W=16
############################################################

==================================================
Condition: W16_global_time_only_s42
==================================================
Already evaluated W16_global_time_only_s42, skipping.

==================================================
Condition: W16_continuous_s42
==================================================
Already evaluated W16_continuous_s42, skipping.

==================================================
Condition: W16_lowrank_K4_s42
==================================================
Already evaluated W16_lowrank_K4_s42, skipping.

============================================================
PILOT RESULTS SUMMARY (5k steps)
============================================================

Task Complexity: W=4
Condition               Dep Acc
--------------------------------
global_time_only         0.0000
continuous               0.0000
lowrank_K4               0.0000

Task Complexity: W=16
Condition               Dep Acc
--------------------------------
global_time_only         0.0000
continuous               0.0000
lowrank_K4               0.0000
